Starting Answerability Classification — FLAN-T5-base
Date: Sat May  2 12:46:07 PM IDT 2026
Node: s-004
📂 Loaded 21049 samples | cities: ['manhattan', 'pittsburgh', 'philadelphia']
🤖 Loading google/flan-t5-base on cuda...
🚀 Running classification on 21049 samples (batch_size=32)...

✅ Saved 21049 rows → /vol/joberant_nobck/data/NLP_368307701_2526a/adanassi/nlp-allocentric-spatial-reasoning/reports/llm_audits/LLM_ANSWERABILITY_RESULTS_BASE.parquet

=======================================================
📊 ANSWERABILITY CLASSIFICATION SUMMARY — google/flan-t5-base
=======================================================

📋 Parse rate: 21049/21049 = 100.0%
   Unparseable outputs: 0

🎯 Overall accuracy (all): 18.3%
   Accuracy (parseable only): 18.3%

📊 Majority class baseline (Contradictory): 42.9%

📊 Per-class results:
  Answerable     : Acc=100.0% | N=3850 | Pred dist={'Answerable': 3850}
  Ambiguous      : Acc=0.0% | N=8169 | Pred dist={'Answerable': 8167, 'Contradictory': 2}
  Contradictory  : Acc=0.0% | N=9030 | Pred dist={'Answerable': 9030}

📊 Accuracy by variant type:
variant_type
mask_both          0.256
mask_directions    0.023
mask_landmark      0.267

📊 Predicted label distribution:
predicted_label
Answerable       21047
Contradictory        2

📊 Full classification report:
               precision    recall  f1-score   support

   Answerable       0.18      1.00      0.31      3850
    Ambiguous       0.00      0.00      0.00      8169
Contradictory       0.00      0.00      0.00      9030

     accuracy                           0.18     21049
    macro avg       0.06      0.33      0.10     21049
 weighted avg       0.03      0.18      0.06     21049


📊 Confusion matrix (rows=oracle, cols=predicted):
                       Pred: Answerable  Pred: Ambiguous  Pred: Contradictory
Oracle: Answerable                 3850                0                    0
Oracle: Ambiguous                  8167                0                    2
Oracle: Contradictory              9030                0                    0
Finished at Sat May  2 12:51:16 PM IDT 2026
